Hello from Kraken!
File I/O works!
